Sep 21 14:04:11 pfSense filterlog[35657]: 35,16777216,,100000086,igb2,match,pass,in,6,0x0,b2d03,255,tcp,6,843,2001:db8:ce0f::6c80,2001:db8:aaaa::3b26,6996,80,274,PA,323390,,65535,,
Sep 21 14:00:59 pfSense filterlog[32394]: 43,16777216,,100000012,igb3,match,block,in,6,0x0,e6b59,64,tcp,6,772,2001:db8:d361::f4c7,2001:db8:aaaa::3ee6,63821,80,165,PA,953523,,65535,,
Sep 21 14:05:22 pfSense filterlog[31685]: 48,16777216,,100000027,igb1,match,pass,in,6,0x0,3bd54,255,udp,17,711,2001:db8:d559::60a4,2001:db8:aaaa::4fb9,59318,53,998
Sep 21 14:05:44 pfSense filterlog[32748]: 80,16777216,,100000044,igb2,match,block,in,6,0x0,2f61a,64,udp,17,730,2001:db8:8ff3::a47f,2001:db8:aaaa::b984,13836,80,1041
Sep 21 14:01:36 pfSense filterlog[39999]: 25,16777216,,100000070,igb1,match,pass,in,6,0x0,86697,64,udp,17,991,2001:db8:8ee9::86ed,2001:db8:aaaa::2743,4901,53,977
Sep 21 14:03:24 pfSense filterlog[35682]: 11,16777216,,100000088,igb3,match,block,in,6,0x0,2febb,64,tcp,6,1125,2001:db8:376c::aaa8,2001:db8:aaaa::5250,35724,53,54,PA,346188,,65535,,
Sep 21 14:04:32 pfSense filterlog[30109]: 96,16777216,,100000057,igb1,match,pass,in,6,0x0,d2637,64,udp,17,1300,2001:db8:14c9::ca61,2001:db8:aaaa::ddbe,63287,443,76
Sep 21 14:00:42 pfSense filterlog[33881]: 25,16777216,,100000064,igb3,match,block,in,6,0x0,91d3c,64,udp,17,1081,2001:db8:d2a5::f4e6,2001:db8:aaaa::b9b7,1782,53,400
Sep 21 14:02:37 pfSense filterlog[33801]: 46,16777216,,100000042,igb0,match,pass,in,6,0x0,f17cd,255,tcp,6,895,2001:db8:a30::2cd,2001:db8:aaaa::60fb,48525,53,444,PA,488229,,65535,,
Sep 21 14:05:21 pfSense filterlog[32463]: 99,16777216,,100000043,igb0,match,block,in,6,0x0,96eb7,128,udp,17,147,2001:db8:cddf::44a4,2001:db8:aaaa::adc8,18073,80,990
Sep 21 14:01:53 pfSense filterlog[37052]: 19,16777216,,100000030,igb1,match,pass,in,6,0x0,1743d,255,tcp,6,416,2001:db8:82ec::a7b2,2001:db8:aaaa::d790,48207,80,164,PA,133967,,65535,,
Sep 21 14:05:29 pfSense filterlog[31674]: 21,16777216,,100000098,igb1,match,block,in,6,0x0,91964,255,tcp,6,73,2001:db8:843c::9054,2001:db8:aaaa::1cda,58715,443,862,PA,540824,,65535,,
Sep 21 14:03:35 pfSense filterlog[30822]: 25,16777216,,100000083,igb1,match,pass,in,6,0x0,6e149,64,tcp,6,520,2001:db8:7ab8::62bb,2001:db8:aaaa::4e9b,45506,53,1258,PA,174563,,65535,,
Sep 21 14:02:35 pfSense filterlog[30339]: 2,16777216,,100000070,igb2,match,block,in,6,0x0,30524,255,udp,17,1128,2001:db8:1592::5d28,2001:db8:aaaa::c4,45488,443,1108
Sep 21 14:01:43 pfSense filterlog[37616]: 34,16777216,,100000058,igb2,match,pass,in,6,0x0,599e9,255,udp,17,187,2001:db8:5305::25f6,2001:db8:aaaa::5be5,62536,53,187
Sep 21 14:01:56 pfSense filterlog[32653]: 39,16777216,,100000035,igb1,match,block,in,6,0x0,dc89e,128,tcp,6,1330,2001:db8:f872::7f81,2001:db8:aaaa::8a3a,3641,443,1392,PA,319751,,65535,,
Sep 21 14:02:30 pfSense filterlog[33405]: 24,16777216,,100000085,igb1,match,pass,in,6,0x0,4c9b1,128,udp,17,659,2001:db8:f62c::cbed,2001:db8:aaaa::f914,49349,53,731
Sep 21 14:05:30 pfSense filterlog[34161]: 96,16777216,,100000028,igb0,match,block,in,6,0x0,74faf,255,udp,17,646,2001:db8:9953::b548,2001:db8:aaaa::ff49,51795,80,998
Sep 21 14:03:22 pfSense filterlog[36241]: 78,16777216,,100000024,igb0,match,pass,in,6,0x0,ec1c1,255,udp,17,1190,2001:db8:506::5982,2001:db8:aaaa::8783,5767,80,258
Sep 21 14:01:26 pfSense filterlog[37102]: 91,16777216,,100000040,igb1,match,block,in,6,0x0,0f80f,128,tcp,6,1479,2001:db8:da9::f3f9,2001:db8:aaaa::616d,51457,53,120,PA,675398,,65535,,
Sep 21 14:02:46 pfSense filterlog[31546]: 31,16777216,,100000011,igb1,match,pass,in,6,0x0,ba38f,128,udp,17,281,2001:db8:ccd6::e0b,2001:db8:aaaa::fc39,44248,53,1056
Sep 21 14:05:45 pfSense filterlog[34167]: 11,16777216,,100000052,igb1,match,block,in,6,0x0,d829d,64,udp,17,138,2001:db8:3166::83bd,2001:db8:aaaa::25a2,43627,53,1174
Sep 21 14:01:16 pfSense filterlog[34122]: 3,16777216,,100000095,igb1,match,pass,in,6,0x0,e6072,255,udp,17,299,2001:db8:ad92::bd25,2001:db8:aaaa::694e,39909,53,1218
Sep 21 14:04:19 pfSense filterlog[39384]: 80,16777216,,100000074,igb2,match,block,in,6,0x0,18520,255,udp,17,1191,2001:db8:7bf6::12c4,2001:db8:aaaa::9447,14202,53,695
Sep 21 14:03:20 pfSense filterlog[36565]: 83,16777216,,100000043,igb1,match,pass,in,6,0x0,b6229,64,tcp,6,1386,2001:db8:2ef0::d784,2001:db8:aaaa::a3c7,43416,443,285,PA,472832,,65535,,
Sep 21 14:00:32 pfSense filterlog[36630]: 43,16777216,,100000071,igb3,match,block,in,6,0x0,f7a7a,64,udp,17,523,2001:db8:fc4d::487,2001:db8:aaaa::1740,54320,53,53
Sep 21 14:03:23 pfSense filterlog[32215]: 23,16777216,,100000021,igb1,match,pass,in,6,0x0,fbae9,128,tcp,6,1376,2001:db8:95fa::7507,2001:db8:aaaa::4ef0,27862,53,731,PA,608290,,65535,,
Sep 21 14:02:56 pfSense filterlog[30637]: 27,16777216,,100000089,igb0,match,block,in,6,0x0,48445,128,tcp,6,469,2001:db8:4711::8604,2001:db8:aaaa::63e0,25357,443,1372,PA,558233,,65535,,
Sep 21 14:05:55 pfSense filterlog[34005]: 88,16777216,,100000079,igb1,match,pass,in,6,0x0,9188d,128,udp,17,471,2001:db8:68b9::c4a8,2001:db8:aaaa::eeee,30161,53,386
Sep 21 14:04:41 pfSense filterlog[39399]: 52,16777216,,100000078,igb0,match,block,in,6,0x0,35483,255,udp,17,1158,2001:db8:2fe6::f225,2001:db8:aaaa::931b,42762,80,816
Sep 21 14:03:12 pfSense filterlog[36558]: 2,16777216,,100000010,igb3,match,pass,in,6,0x0,32db2,64,tcp,6,738,2001:db8:8a4b::9f6d,2001:db8:aaaa::4eed,64340,443,185,PA,594951,,65535,,
Sep 21 14:03:32 pfSense filterlog[30418]: 49,16777216,,100000013,igb0,match,block,in,6,0x0,f861d,128,tcp,6,670,2001:db8:eddc::8493,2001:db8:aaaa::2118,58134,80,624,PA,225194,,65535,,
Sep 21 14:02:56 pfSense filterlog[31322]: 9,16777216,,100000022,igb0,match,pass,in,6,0x0,09fa4,64,tcp,6,508,2001:db8:4b8e::e774,2001:db8:aaaa::e060,7943,80,414,PA,711994,,65535,,
Sep 21 14:05:56 pfSense filterlog[37495]: 86,16777216,,100000082,igb3,match,block,in,6,0x0,7a484,128,udp,17,253,2001:db8:162d::107f,2001:db8:aaaa::8eb0,20481,80,1309
Sep 21 14:05:27 pfSense filterlog[39756]: 21,16777216,,100000042,igb0,match,pass,in,6,0x0,276bd,128,tcp,6,1213,2001:db8:5327::4d31,2001:db8:aaaa::8f4d,8124,53,63,PA,484134,,65535,,
Sep 21 14:01:31 pfSense filterlog[31352]: 8,16777216,,100000062,igb3,match,block,in,6,0x0,6f190,64,tcp,6,948,2001:db8:9397::5f4b,2001:db8:aaaa::81eb,43500,53,1100,PA,968907,,65535,,
Sep 21 14:02:42 pfSense filterlog[32293]: 32,16777216,,100000046,igb1,match,pass,in,6,0x0,9a3ea,255,tcp,6,449,2001:db8:da7c::b63d,2001:db8:aaaa::5f3a,41877,443,1075,PA,259429,,65535,,
Sep 21 14:03:12 pfSense filterlog[30807]: 89,16777216,,100000034,igb1,match,block,in,6,0x0,a8e3d,64,tcp,6,81,2001:db8:8855::e723,2001:db8:aaaa::fb67,40299,53,317,PA,920756,,65535,,
Sep 21 14:02:58 pfSense filterlog[39697]: 10,16777216,,100000043,igb3,match,pass,in,6,0x0,a1a31,128,udp,17,1234,2001:db8:ff18::b76a,2001:db8:aaaa::2c66,19324,443,1335
Sep 21 14:05:19 pfSense filterlog[38189]: 87,16777216,,100000064,igb0,match,block,in,6,0x0,bd51e,64,udp,17,1254,2001:db8:cee3::7fa5,2001:db8:aaaa::bdf3,53304,53,157
Sep 21 14:03:39 pfSense filterlog[31606]: 36,16777216,,100000083,igb3,match,pass,in,6,0x0,b1fd9,255,udp,17,1183,2001:db8:2363::fb41,2001:db8:aaaa::9495,37424,53,923
Sep 21 14:02:45 pfSense filterlog[36781]: 3,16777216,,100000044,igb1,match,block,in,6,0x0,4bea7,128,tcp,6,1348,2001:db8:dc31::f2bc,2001:db8:aaaa::a371,15792,53,407,PA,499048,,65535,,
Sep 21 14:03:47 pfSense filterlog[31778]: 10,16777216,,100000028,igb2,match,pass,in,6,0x0,756b6,128,tcp,6,110,2001:db8:fbf7::f1be,2001:db8:aaaa::a5d1,17244,53,1334,PA,821162,,65535,,
Sep 21 14:05:16 pfSense filterlog[34717]: 34,16777216,,100000039,igb1,match,block,in,6,0x0,a9d5b,64,tcp,6,442,2001:db8:495d::e09b,2001:db8:aaaa::7e21,28117,80,315,PA,483545,,65535,,
Sep 21 14:01:48 pfSense filterlog[34234]: 48,16777216,,100000022,igb3,match,pass,in,6,0x0,4e807,64,udp,17,1139,2001:db8:4d0f::8f49,2001:db8:aaaa::ba2,43376,53,716
Sep 21 14:02:23 pfSense filterlog[36593]: 8,16777216,,100000036,igb2,match,block,in,6,0x0,5b803,255,tcp,6,619,2001:db8:e40a::cc6,2001:db8:aaaa::5ba2,53688,443,584,PA,182405,,65535,,
Sep 21 14:03:49 pfSense filterlog[37949]: 51,16777216,,100000076,igb1,match,pass,in,6,0x0,3fab6,255,tcp,6,997,2001:db8:5e7a::dc76,2001:db8:aaaa::410a,8692,80,254,PA,129346,,65535,,
Sep 21 14:01:51 pfSense filterlog[30432]: 35,16777216,,100000098,igb3,match,block,in,6,0x0,f77c7,128,tcp,6,278,2001:db8:9999::a9c,2001:db8:aaaa::6ea8,35513,53,1087,PA,292213,,65535,,
Sep 21 14:04:29 pfSense filterlog[33007]: 48,16777216,,100000086,igb2,match,pass,in,6,0x0,950c0,128,tcp,6,812,2001:db8:1cdb::bd9b,2001:db8:aaaa::3889,12189,80,240,PA,731191,,65535,,
Sep 21 14:02:46 pfSense filterlog[37086]: 12,16777216,,100000026,igb0,match,block,in,6,0x0,d9ea1,64,udp,17,1225,2001:db8:7657::3657,2001:db8:aaaa::1f0,51401,80,686
Sep 21 14:01:48 pfSense filterlog[37431]: 69,16777216,,100000080,igb2,match,pass,in,6,0x0,50e2b,64,udp,17,1225,2001:db8:8db5::155,2001:db8:aaaa::8434,56410,80,928
Sep 21 14:03:56 pfSense filterlog[32172]: 75,16777216,,100000035,igb0,match,block,in,6,0x0,89511,64,tcp,6,862,2001:db8:e400::9837,2001:db8:aaaa::7b65,25349,53,1302,PA,613552,,65535,,
Sep 21 14:05:52 pfSense filterlog[35108]: 79,16777216,,100000053,igb2,match,pass,in,6,0x0,6fbc9,64,tcp,6,577,2001:db8:750e::649d,2001:db8:aaaa::27f0,28974,80,956,PA,107288,,65535,,
Sep 21 14:04:17 pfSense filterlog[31304]: 47,16777216,,100000062,igb0,match,block,in,6,0x0,ae250,64,tcp,6,919,2001:db8:afe0::108b,2001:db8:aaaa::e72b,41205,53,871,PA,559091,,65535,,
Sep 21 14:03:47 pfSense filterlog[39383]: 27,16777216,,100000078,igb3,match,pass,in,6,0x0,c858e,128,tcp,6,309,2001:db8:953c::5c87,2001:db8:aaaa::57ed,33258,80,42,PA,797542,,65535,,
Sep 21 14:00:27 pfSense filterlog[30920]: 11,16777216,,100000048,igb3,match,block,in,6,0x0,e9855,255,udp,17,824,2001:db8:f032::f0ce,2001:db8:aaaa::4d81,1899,80,418
Sep 21 14:04:21 pfSense filterlog[38651]: 10,16777216,,100000065,igb2,match,pass,in,6,0x0,ce0c5,255,tcp,6,251,2001:db8:43ed::21d9,2001:db8:aaaa::6e9a,39899,80,136,PA,863797,,65535,,
Sep 21 14:03:41 pfSense filterlog[39184]: 90,16777216,,100000099,igb0,match,block,in,6,0x0,e87cf,255,udp,17,478,2001:db8:dde8::aa2e,2001:db8:aaaa::c258,12218,80,39
Sep 21 14:05:50 pfSense filterlog[36420]: 52,16777216,,100000096,igb0,match,pass,in,6,0x0,8de3a,128,tcp,6,1458,2001:db8:7a6c::874b,2001:db8:aaaa::34a6,52207,53,705,PA,532095,,65535,,
Sep 21 14:01:53 pfSense filterlog[32636]: 68,16777216,,100000068,igb0,match,block,in,6,0x0,fdd3f,255,udp,17,106,2001:db8:a881::5a3d,2001:db8:aaaa::9549,45380,80,621
